// Jest Snapshot v1, https://goo.gl/fbAQLP

exports[`should render EditExpense component 1`] = `
ShallowWrapper {
  "length": 1,
  Symbol(enzyme.__root__): [Circular],
  Symbol(enzyme.__unrendered__): <EditExpense
    expense={
        Object {
            "amount": 195,
            "createdAt": 0,
            "description": "Coffee",
            "id": "1",
            "note": "",
          }
    }
    history={
        Object {
            "push": [Function],
          }
    }
    startEditExpense={[Function]}
    startRemoveExpense={[Function]}
/>,
  Symbol(enzyme.__renderer__): Object {
    "batchedUpdates": [Function],
    "getNode": [Function],
    "render": [Function],
    "simulateEvent": [Function],
    "unmount": [Function],
  },
  Symbol(enzyme.__node__): Object {
    "instance": null,
    "key": undefined,
    "nodeType": "host",
    "props": Object {
      "children": Array [
        <ExpenseForm
          expense={
                    Object {
                              "amount": 195,
                              "createdAt": 0,
                              "description": "Coffee",
                              "id": "1",
                              "note": "",
                            }
          }
          onSubmit={[Function]}
/>,
        <br />,
        <RaisedButton
          disabled={false}
          fullWidth={false}
          label="Remove"
          labelPosition="after"
          onClick={[Function]}
          primary={true}
          secondary={false}
/>,
      ],
      "className": "container",
    },
    "ref": null,
    "rendered": Array [
      Object {
        "instance": null,
        "key": undefined,
        "nodeType": "class",
        "props": Object {
          "expense": Object {
            "amount": 195,
            "createdAt": 0,
            "description": "Coffee",
            "id": "1",
            "note": "",
          },
          "onSubmit": [Function],
        },
        "ref": null,
        "rendered": null,
        "type": [Function],
      },
      Object {
        "instance": null,
        "key": undefined,
        "nodeType": "host",
        "props": Object {},
        "ref": null,
        "rendered": null,
        "type": "br",
      },
      Object {
        "instance": null,
        "key": undefined,
        "nodeType": "class",
        "props": Object {
          "disabled": false,
          "fullWidth": false,
          "label": "Remove",
          "labelPosition": "after",
          "onClick": [Function],
          "primary": true,
          "secondary": false,
        },
        "ref": null,
        "rendered": null,
        "type": [Function],
      },
    ],
    "type": "div",
  },
  Symbol(enzyme.__nodes__): Array [
    Object {
      "instance": null,
      "key": undefined,
      "nodeType": "host",
      "props": Object {
        "children": Array [
          <ExpenseForm
            expense={
                        Object {
                                    "amount": 195,
                                    "createdAt": 0,
                                    "description": "Coffee",
                                    "id": "1",
                                    "note": "",
                                  }
            }
            onSubmit={[Function]}
/>,
          <br />,
          <RaisedButton
            disabled={false}
            fullWidth={false}
            label="Remove"
            labelPosition="after"
            onClick={[Function]}
            primary={true}
            secondary={false}
/>,
        ],
        "className": "container",
      },
      "ref": null,
      "rendered": Array [
        Object {
          "instance": null,
          "key": undefined,
          "nodeType": "class",
          "props": Object {
            "expense": Object {
              "amount": 195,
              "createdAt": 0,
              "description": "Coffee",
              "id": "1",
              "note": "",
            },
            "onSubmit": [Function],
          },
          "ref": null,
          "rendered": null,
          "type": [Function],
        },
        Object {
          "instance": null,
          "key": undefined,
          "nodeType": "host",
          "props": Object {},
          "ref": null,
          "rendered": null,
          "type": "br",
        },
        Object {
          "instance": null,
          "key": undefined,
          "nodeType": "class",
          "props": Object {
            "disabled": false,
            "fullWidth": false,
            "label": "Remove",
            "labelPosition": "after",
            "onClick": [Function],
            "primary": true,
            "secondary": false,
          },
          "ref": null,
          "rendered": null,
          "type": [Function],
        },
      ],
      "type": "div",
    },
  ],
  Symbol(enzyme.__options__): Object {
    "adapter": ReactSixteenAdapter {
      "options": Object {
        "enableComponentDidUpdateOnSetState": true,
      },
    },
  },
}
`;
